# HARD Map - 18 csomopont, 24 út

[MAPSIZE]
960|640

[NODES]
Posta|Posta|110|70
Telephely|Telephely|265|70
Foter|Főtér|420|70
Park|Park|580|70
Vegallomas_Eszak|Végállomás_Észak|750|70
Polgarmesteri|Polgármesteri|110|215
Gyar|Gyár|265|215
Vasutallomas|Vasútállomás|420|215
Piac|Piac|580|215
Templom|Templom|750|215
Konyvtar|Könyvtár|110|360
Iskola|Iskola|265|360
Kertvaros|Kertváros|420|360
Strand|Strand|580|360
Korhaz|Kórház|750|360
Mozi|Mozi|265|510
Sportter|Sporttér|420|510
Vegallomas_Del|Végállomás_Dél|750|510

[ROADS]
PostaUt|Posta|Telephely|4|NORMAL|1
Fout|Telephely|Foter|4|NORMAL|2
ParkUt|Foter|Park|4|NORMAL|2
EszakiUt|Park|Vegallomas_Eszak|4|NORMAL|3
PolgarUt|Polgarmesteri|Gyar|4|NORMAL|1
GyarVasut|Gyar|Vasutallomas|4|NORMAL|2
VasutPiac|Vasutallomas|Piac|4|NORMAL|2
PiacTemplom|Piac|Templom|4|NORMAL|1
KonyvtarUt|Konyvtar|Iskola|4|NORMAL|1
IskolaKert|Iskola|Kertvaros|4|NORMAL|2
KertStrand|Kertvaros|Strand|4|NORMAL|2
StrandKorhaz|Strand|Korhaz|4|NORMAL|1
PostaPolgar|Posta|Polgarmesteri|4|NORMAL|1
TelGyarUt|Telephely|Gyar|4|NORMAL|1
KozpontUt|Foter|Vasutallomas|4|NORMAL|2
ParkPiac|Park|Piac|4|NORMAL|2
EszakTemplom|Vegallomas_Eszak|Templom|4|NORMAL|2
PolgarKonyvtar|Polgarmesteri|Konyvtar|4|NORMAL|1
GyarIskola|Gyar|Iskola|4|NORMAL|1
PiacStrand|Piac|Strand|4|NORMAL|2
IskolaMozi|Iskola|Mozi|4|NORMAL|1
MoziSport|Mozi|Sportter|4|NORMAL|1
SportDel|Sportter|Vegallomas_Del|4|NORMAL|2
KorhazDel|Korhaz|Vegallomas_Del|4|NORMAL|3
TelKert|Telephely|Kertvaros|4|HID|2
ParkKorhaz|Park|Korhaz|4|HID|1

[PLAYERS]
TAKARITO|Takarito1|Telephely
BUSZOS|Buszos1|Vegallomas_Eszak

[NPCS]
Auto1|Posta|Vegallomas_Del|Posta
Auto2|Kertvaros|Templom|Kertvaros
Auto3|Gyar|Strand|Gyar
Auto4|Konyvtar|Park|Konyvtar
Auto5|Mozi|Vegallomas_Eszak|Mozi
Auto6|Sportter|Foter|Sportter
